../Drivers/STM32L4xx_HAL_Driver/Inc/stm32l4xx_ll_gpio.h:956:22:LL_GPIO_SetOutputPin	16	static
../Drivers/STM32L4xx_HAL_Driver/Inc/stm32l4xx_ll_gpio.h:985:22:LL_GPIO_ResetOutputPin	16	static
../Core/App/Hardware/gc9a01.c:38:6:GC9A01_spi_tx	16	static
../Core/App/Hardware/gc9a01.c:42:6:GC9A01_set_reset	16	static
../Core/App/Hardware/gc9a01.c:50:6:GC9A01_set_data_command	16	static
../Core/App/Hardware/gc9a01.c:58:6:GC9A01_set_chip_select	16	static
../Core/App/Hardware/gc9a01.c:66:6:GC9A01_write_command	16	static
../Core/App/Hardware/gc9a01.c:73:6:GC9A01_write_data	16	static
../Core/App/Hardware/gc9a01.c:80:20:GC9A01_write_byte	16	static
../Core/App/Hardware/gc9a01.c:84:6:GC9A01_write	16	static
../Core/App/Hardware/gc9a01.c:89:6:GC9A01_write_continue	16	static
../Core/App/Hardware/gc9a01.c:94:6:GC9A01_init	8	static
../Core/App/Hardware/gc9a01.c:349:6:GC9A01_set_frame	24	static
../Core/App/Hardware/gc9a01.c:369:6:GC9A01A_SetWindow	32	static
../Core/App/Hardware/gc9a01.c:392:6:GC9A01_FillRectangle	32	static
../Core/App/Hardware/gc9a01.c:412:6:GC9A01_FillRectangleFast	32	static
../Core/App/Hardware/gc9a01.c:436:6:GC9A01_FillBg	24	static
../Core/App/Hardware/gc9a01.c:442:6:GC9A01_SetBg	32	static
../Core/App/Hardware/gc9a01.c:459:6:GC9A01_WriteChar	48	static
../Core/App/Hardware/gc9a01.c:479:6:GC9A01_WriteString	32	static
../Core/App/Hardware/gc9a01.c:505:6:GC9A01_DrawImage	24	static
