../Core/Src/../lvgl/src/core/lv_disp.h:182:26:lv_scr_act	8	static
../Core/Src/../lvgl/src/lv_api_map.h:35:51:lv_task_handler	8	static
../Core/Src/main.c:81:6:GC9A01_flush	32	static
../Core/Src/main.c:92:6:LV_Init	8	static
../Core/Src/main.c:112:6:hello_world	24	static
../Core/Src/main.c:142:5:main	136	static
../Core/Src/main.c:243:6:SystemClock_Config	96	static
../Core/Src/main.c:293:13:MX_SPI2_Init	8	static
../Core/Src/main.c:333:13:MX_USART2_UART_Init	8	static
../Core/Src/main.c:368:13:MX_GPIO_Init	48	static
../Core/Src/main.c:428:6:StartDefaultTask	16	static
../Core/Src/main.c:449:6:startLvglTask	16	static
../Core/Src/main.c:471:6:StartGuiTask	16	static
../Core/Src/main.c:490:6:HAL_TIM_PeriodElapsedCallback	16	static
../Core/Src/main.c:507:6:Error_Handler	4	static,ignoring_inline_asm
